============================= test session starts =============================
platform win32 -- Python 3.11.10, pytest-8.3.3, pluggy-1.5.0
rootdir: C:\Users\Abdul Ghaffar Ansari\Desktop\MLOPS\HarmSpeech-AI-Tracker
plugins: anyio-4.6.2, hydra-core-1.3.2, cov-6.0.0
collected 9 items

tests\test_data_ingestion.py ..                                          [ 22%]
tests\test_data_transformation.py ....                                   [ 66%]
tests\test_model_training.py FFF                                         [100%]

================================== FAILURES ===================================
_____________________________ test_splitting_data _____________________________

self = <hate.components.model_trainer.ModelTrainer object at 0x00000135BC990B90>
csv_path = 'artifacts\\PredictModel\\DataTransformationArtifacts\\final.csv'

    def spliting_data(self, csv_path):
        try:
            logging.info("Entered the spliting_data function")
            logging.info("Reading the data from path: %s", csv_path)
>           df = pd.read_csv(csv_path, index_col=False)

hate\components\model_trainer.py:25: 
_ _ _ _ _ _ _ _ _ _ _ _ _ _ _ _ _ _ _ _ _ _ _ _ _ _ _ _ _ _ _ _ _ _ _ _ _ _ _ _
C:\Analconda\Lib\site-packages\pandas\io\parsers\readers.py:1026: in read_csv
    return _read(filepath_or_buffer, kwds)
C:\Analconda\Lib\site-packages\pandas\io\parsers\readers.py:620: in _read
    parser = TextFileReader(filepath_or_buffer, **kwds)
C:\Analconda\Lib\site-packages\pandas\io\parsers\readers.py:1620: in __init__
    self._engine = self._make_engine(f, self.engine)
C:\Analconda\Lib\site-packages\pandas\io\parsers\readers.py:1880: in _make_engine
    self.handles = get_handle(
_ _ _ _ _ _ _ _ _ _ _ _ _ _ _ _ _ _ _ _ _ _ _ _ _ _ _ _ _ _ _ _ _ _ _ _ _ _ _ _

path_or_buf = 'artifacts\\PredictModel\\DataTransformationArtifacts\\final.csv'
mode = 'r'

    @doc(compression_options=_shared_docs["compression_options"] % "path_or_buf")
    def get_handle(
        path_or_buf: FilePath | BaseBuffer,
        mode: str,
        *,
        encoding: str | None = None,
        compression: CompressionOptions | None = None,
        memory_map: bool = False,
        is_text: bool = True,
        errors: str | None = None,
        storage_options: StorageOptions | None = None,
    ) -> IOHandles[str] | IOHandles[bytes]:
        """
        Get file handle for given path/buffer and mode.
    
        Parameters
        ----------
        path_or_buf : str or file handle
            File path or object.
        mode : str
            Mode to open path_or_buf with.
        encoding : str or None
            Encoding to use.
        {compression_options}
    
               May be a dict with key 'method' as compression mode
               and other keys as compression options if compression
               mode is 'zip'.
    
               Passing compression options as keys in dict is
               supported for compression modes 'gzip', 'bz2', 'zstd' and 'zip'.
    
            .. versionchanged:: 1.4.0 Zstandard support.
    
        memory_map : bool, default False
            See parsers._parser_params for more information. Only used by read_csv.
        is_text : bool, default True
            Whether the type of the content passed to the file/buffer is string or
            bytes. This is not the same as `"b" not in mode`. If a string content is
            passed to a binary file/buffer, a wrapper is inserted.
        errors : str, default 'strict'
            Specifies how encoding and decoding errors are to be handled.
            See the errors argument for :func:`open` for a full list
            of options.
        storage_options: StorageOptions = None
            Passed to _get_filepath_or_buffer
    
        Returns the dataclass IOHandles
        """
        # Windows does not default to utf-8. Set to utf-8 for a consistent behavior
        encoding = encoding or "utf-8"
    
        errors = errors or "strict"
    
        # read_csv does not know whether the buffer is opened in binary/text mode
        if _is_binary_mode(path_or_buf, mode) and "b" not in mode:
            mode += "b"
    
        # validate encoding and errors
        codecs.lookup(encoding)
        if isinstance(errors, str):
            codecs.lookup_error(errors)
    
        # open URLs
        ioargs = _get_filepath_or_buffer(
            path_or_buf,
            encoding=encoding,
            compression=compression,
            mode=mode,
            storage_options=storage_options,
        )
    
        handle = ioargs.filepath_or_buffer
        handles: list[BaseBuffer]
    
        # memory mapping needs to be the first step
        # only used for read_csv
        handle, memory_map, handles = _maybe_memory_map(handle, memory_map)
    
        is_path = isinstance(handle, str)
        compression_args = dict(ioargs.compression)
        compression = compression_args.pop("method")
    
        # Only for write methods
        if "r" not in mode and is_path:
            check_parent_directory(str(handle))
    
        if compression:
            if compression != "zstd":
                # compression libraries do not like an explicit text-mode
                ioargs.mode = ioargs.mode.replace("t", "")
            elif compression == "zstd" and "b" not in ioargs.mode:
                # python-zstandard defaults to text mode, but we always expect
                # compression libraries to use binary mode.
                ioargs.mode += "b"
    
            # GZ Compression
            if compression == "gzip":
                if isinstance(handle, str):
                    # error: Incompatible types in assignment (expression has type
                    # "GzipFile", variable has type "Union[str, BaseBuffer]")
                    handle = gzip.GzipFile(  # type: ignore[assignment]
                        filename=handle,
                        mode=ioargs.mode,
                        **compression_args,
                    )
                else:
                    handle = gzip.GzipFile(
                        # No overload variant of "GzipFile" matches argument types
                        # "Union[str, BaseBuffer]", "str", "Dict[str, Any]"
                        fileobj=handle,  # type: ignore[call-overload]
                        mode=ioargs.mode,
                        **compression_args,
                    )
    
            # BZ Compression
            elif compression == "bz2":
                # Overload of "BZ2File" to handle pickle protocol 5
                # "Union[str, BaseBuffer]", "str", "Dict[str, Any]"
                handle = get_bz2_file()(  # type: ignore[call-overload]
                    handle,
                    mode=ioargs.mode,
                    **compression_args,
                )
    
            # ZIP Compression
            elif compression == "zip":
                # error: Argument 1 to "_BytesZipFile" has incompatible type
                # "Union[str, BaseBuffer]"; expected "Union[Union[str, PathLike[str]],
                # ReadBuffer[bytes], WriteBuffer[bytes]]"
                handle = _BytesZipFile(
                    handle, ioargs.mode, **compression_args  # type: ignore[arg-type]
                )
                if handle.buffer.mode == "r":
                    handles.append(handle)
                    zip_names = handle.buffer.namelist()
                    if len(zip_names) == 1:
                        handle = handle.buffer.open(zip_names.pop())
                    elif not zip_names:
                        raise ValueError(f"Zero files found in ZIP file {path_or_buf}")
                    else:
                        raise ValueError(
                            "Multiple files found in ZIP file. "
                            f"Only one file per ZIP: {zip_names}"
                        )
    
            # TAR Encoding
            elif compression == "tar":
                compression_args.setdefault("mode", ioargs.mode)
                if isinstance(handle, str):
                    handle = _BytesTarFile(name=handle, **compression_args)
                else:
                    # error: Argument "fileobj" to "_BytesTarFile" has incompatible
                    # type "BaseBuffer"; expected "Union[ReadBuffer[bytes],
                    # WriteBuffer[bytes], None]"
                    handle = _BytesTarFile(
                        fileobj=handle, **compression_args  # type: ignore[arg-type]
                    )
                assert isinstance(handle, _BytesTarFile)
                if "r" in handle.buffer.mode:
                    handles.append(handle)
                    files = handle.buffer.getnames()
                    if len(files) == 1:
                        file = handle.buffer.extractfile(files[0])
                        assert file is not None
                        handle = file
                    elif not files:
                        raise ValueError(f"Zero files found in TAR archive {path_or_buf}")
                    else:
                        raise ValueError(
                            "Multiple files found in TAR archive. "
                            f"Only one file per TAR archive: {files}"
                        )
    
            # XZ Compression
            elif compression == "xz":
                # error: Argument 1 to "LZMAFile" has incompatible type "Union[str,
                # BaseBuffer]"; expected "Optional[Union[Union[str, bytes, PathLike[str],
                # PathLike[bytes]], IO[bytes]], None]"
                handle = get_lzma_file()(
                    handle, ioargs.mode, **compression_args  # type: ignore[arg-type]
                )
    
            # Zstd Compression
            elif compression == "zstd":
                zstd = import_optional_dependency("zstandard")
                if "r" in ioargs.mode:
                    open_args = {"dctx": zstd.ZstdDecompressor(**compression_args)}
                else:
                    open_args = {"cctx": zstd.ZstdCompressor(**compression_args)}
                handle = zstd.open(
                    handle,
                    mode=ioargs.mode,
                    **open_args,
                )
    
            # Unrecognized Compression
            else:
                msg = f"Unrecognized compression type: {compression}"
                raise ValueError(msg)
    
            assert not isinstance(handle, str)
            handles.append(handle)
    
        elif isinstance(handle, str):
            # Check whether the filename is to be opened in binary mode.
            # Binary mode does not support 'encoding' and 'newline'.
            if ioargs.encoding and "b" not in ioargs.mode:
                # Encoding
>               handle = open(
                    handle,
                    ioargs.mode,
                    encoding=ioargs.encoding,
                    errors=errors,
                    newline="",
                )
E               FileNotFoundError: [Errno 2] No such file or directory: 'artifacts\\PredictModel\\DataTransformationArtifacts\\final.csv'

C:\Analconda\Lib\site-packages\pandas\io\common.py:873: FileNotFoundError

The above exception was the direct cause of the following exception:

model_trainer_config = ModelTrainerConfig()
mock_data_transformation_artifacts = DataTransformationArtifacts(transformed_data_path='artifacts\\PredictModel\\DataTransformationArtifacts\\final.csv')

    def test_splitting_data(model_trainer_config, mock_data_transformation_artifacts):
        model_trainer = ModelTrainer(
            data_transformation_artifacts=mock_data_transformation_artifacts,
            model_trainer_config=model_trainer_config
        )
        try:
>           x_train, x_test, y_train, y_test = model_trainer.spliting_data(
                csv_path=mock_data_transformation_artifacts.transformed_data_path
            )

tests\test_model_training.py:27: 
_ _ _ _ _ _ _ _ _ _ _ _ _ _ _ _ _ _ _ _ _ _ _ _ _ _ _ _ _ _ _ _ _ _ _ _ _ _ _ _

self = <hate.components.model_trainer.ModelTrainer object at 0x00000135BC990B90>
csv_path = 'artifacts\\PredictModel\\DataTransformationArtifacts\\final.csv'

    def spliting_data(self, csv_path):
        try:
            logging.info("Entered the spliting_data function")
            logging.info("Reading the data from path: %s", csv_path)
            df = pd.read_csv(csv_path, index_col=False)
    
            logging.info("Splitting the data into X (tweets) and Y (labels)")
            x = df[TWEET].fillna('').astype(str)  # Ensure all text data is valid
            y = df[LABEL]
    
            logging.info("Performing train-test split")
            x_train, x_test, y_train, y_test = train_test_split(x, y, test_size=0.3, random_state=42)
    
            logging.info(f"Train data size: {len(x_train)}, Test data size: {len(x_test)}")
            logging.info("Exited the spliting_data function")
            return x_train, x_test, y_train, y_test
        except Exception as e:
>           raise CustomException(e, sys) from e
E           hate.exception.CustomException: Error occurred python script name [c:\users\abdul ghaffar ansari\desktop\mlops\harmspeech-ai-tracker\hate\components\model_trainer.py] line number [25] error message [[Errno 2] No such file or directory: 'artifacts\\PredictModel\\DataTransformationArtifacts\\final.csv']

hate\components\model_trainer.py:38: CustomException

During handling of the above exception, another exception occurred:

model_trainer_config = ModelTrainerConfig()
mock_data_transformation_artifacts = DataTransformationArtifacts(transformed_data_path='artifacts\\PredictModel\\DataTransformationArtifacts\\final.csv')

    def test_splitting_data(model_trainer_config, mock_data_transformation_artifacts):
        model_trainer = ModelTrainer(
            data_transformation_artifacts=mock_data_transformation_artifacts,
            model_trainer_config=model_trainer_config
        )
        try:
            x_train, x_test, y_train, y_test = model_trainer.spliting_data(
                csv_path=mock_data_transformation_artifacts.transformed_data_path
            )
            assert len(x_train) > 0, "Training data is empty."
            assert len(x_test) > 0, "Test data is empty."
            assert len(y_train) > 0, "Training labels are empty."
            assert len(y_test) > 0, "Test labels are empty."
        except Exception as e:
>           pytest.fail(f"Data splitting failed: {e}")
E           Failed: Data splitting failed: Error occurred python script name [c:\users\abdul ghaffar ansari\desktop\mlops\harmspeech-ai-tracker\hate\components\model_trainer.py] line number [25] error message [[Errno 2] No such file or directory: 'artifacts\\PredictModel\\DataTransformationArtifacts\\final.csv']

tests\test_model_training.py:35: Failed
_______________________________ test_tokenizing _______________________________

self = <hate.components.model_trainer.ModelTrainer object at 0x00000135A15CEC50>
csv_path = 'artifacts\\PredictModel\\DataTransformationArtifacts\\final.csv'

    def spliting_data(self, csv_path):
        try:
            logging.info("Entered the spliting_data function")
            logging.info("Reading the data from path: %s", csv_path)
>           df = pd.read_csv(csv_path, index_col=False)

hate\components\model_trainer.py:25: 
_ _ _ _ _ _ _ _ _ _ _ _ _ _ _ _ _ _ _ _ _ _ _ _ _ _ _ _ _ _ _ _ _ _ _ _ _ _ _ _
C:\Analconda\Lib\site-packages\pandas\io\parsers\readers.py:1026: in read_csv
    return _read(filepath_or_buffer, kwds)
C:\Analconda\Lib\site-packages\pandas\io\parsers\readers.py:620: in _read
    parser = TextFileReader(filepath_or_buffer, **kwds)
C:\Analconda\Lib\site-packages\pandas\io\parsers\readers.py:1620: in __init__
    self._engine = self._make_engine(f, self.engine)
C:\Analconda\Lib\site-packages\pandas\io\parsers\readers.py:1880: in _make_engine
    self.handles = get_handle(
_ _ _ _ _ _ _ _ _ _ _ _ _ _ _ _ _ _ _ _ _ _ _ _ _ _ _ _ _ _ _ _ _ _ _ _ _ _ _ _

path_or_buf = 'artifacts\\PredictModel\\DataTransformationArtifacts\\final.csv'
mode = 'r'

    @doc(compression_options=_shared_docs["compression_options"] % "path_or_buf")
    def get_handle(
        path_or_buf: FilePath | BaseBuffer,
        mode: str,
        *,
        encoding: str | None = None,
        compression: CompressionOptions | None = None,
        memory_map: bool = False,
        is_text: bool = True,
        errors: str | None = None,
        storage_options: StorageOptions | None = None,
    ) -> IOHandles[str] | IOHandles[bytes]:
        """
        Get file handle for given path/buffer and mode.
    
        Parameters
        ----------
        path_or_buf : str or file handle
            File path or object.
        mode : str
            Mode to open path_or_buf with.
        encoding : str or None
            Encoding to use.
        {compression_options}
    
               May be a dict with key 'method' as compression mode
               and other keys as compression options if compression
               mode is 'zip'.
    
               Passing compression options as keys in dict is
               supported for compression modes 'gzip', 'bz2', 'zstd' and 'zip'.
    
            .. versionchanged:: 1.4.0 Zstandard support.
    
        memory_map : bool, default False
            See parsers._parser_params for more information. Only used by read_csv.
        is_text : bool, default True
            Whether the type of the content passed to the file/buffer is string or
            bytes. This is not the same as `"b" not in mode`. If a string content is
            passed to a binary file/buffer, a wrapper is inserted.
        errors : str, default 'strict'
            Specifies how encoding and decoding errors are to be handled.
            See the errors argument for :func:`open` for a full list
            of options.
        storage_options: StorageOptions = None
            Passed to _get_filepath_or_buffer
    
        Returns the dataclass IOHandles
        """
        # Windows does not default to utf-8. Set to utf-8 for a consistent behavior
        encoding = encoding or "utf-8"
    
        errors = errors or "strict"
    
        # read_csv does not know whether the buffer is opened in binary/text mode
        if _is_binary_mode(path_or_buf, mode) and "b" not in mode:
            mode += "b"
    
        # validate encoding and errors
        codecs.lookup(encoding)
        if isinstance(errors, str):
            codecs.lookup_error(errors)
    
        # open URLs
        ioargs = _get_filepath_or_buffer(
            path_or_buf,
            encoding=encoding,
            compression=compression,
            mode=mode,
            storage_options=storage_options,
        )
    
        handle = ioargs.filepath_or_buffer
        handles: list[BaseBuffer]
    
        # memory mapping needs to be the first step
        # only used for read_csv
        handle, memory_map, handles = _maybe_memory_map(handle, memory_map)
    
        is_path = isinstance(handle, str)
        compression_args = dict(ioargs.compression)
        compression = compression_args.pop("method")
    
        # Only for write methods
        if "r" not in mode and is_path:
            check_parent_directory(str(handle))
    
        if compression:
            if compression != "zstd":
                # compression libraries do not like an explicit text-mode
                ioargs.mode = ioargs.mode.replace("t", "")
            elif compression == "zstd" and "b" not in ioargs.mode:
                # python-zstandard defaults to text mode, but we always expect
                # compression libraries to use binary mode.
                ioargs.mode += "b"
    
            # GZ Compression
            if compression == "gzip":
                if isinstance(handle, str):
                    # error: Incompatible types in assignment (expression has type
                    # "GzipFile", variable has type "Union[str, BaseBuffer]")
                    handle = gzip.GzipFile(  # type: ignore[assignment]
                        filename=handle,
                        mode=ioargs.mode,
                        **compression_args,
                    )
                else:
                    handle = gzip.GzipFile(
                        # No overload variant of "GzipFile" matches argument types
                        # "Union[str, BaseBuffer]", "str", "Dict[str, Any]"
                        fileobj=handle,  # type: ignore[call-overload]
                        mode=ioargs.mode,
                        **compression_args,
                    )
    
            # BZ Compression
            elif compression == "bz2":
                # Overload of "BZ2File" to handle pickle protocol 5
                # "Union[str, BaseBuffer]", "str", "Dict[str, Any]"
                handle = get_bz2_file()(  # type: ignore[call-overload]
                    handle,
                    mode=ioargs.mode,
                    **compression_args,
                )
    
            # ZIP Compression
            elif compression == "zip":
                # error: Argument 1 to "_BytesZipFile" has incompatible type
                # "Union[str, BaseBuffer]"; expected "Union[Union[str, PathLike[str]],
                # ReadBuffer[bytes], WriteBuffer[bytes]]"
                handle = _BytesZipFile(
                    handle, ioargs.mode, **compression_args  # type: ignore[arg-type]
                )
                if handle.buffer.mode == "r":
                    handles.append(handle)
                    zip_names = handle.buffer.namelist()
                    if len(zip_names) == 1:
                        handle = handle.buffer.open(zip_names.pop())
                    elif not zip_names:
                        raise ValueError(f"Zero files found in ZIP file {path_or_buf}")
                    else:
                        raise ValueError(
                            "Multiple files found in ZIP file. "
                            f"Only one file per ZIP: {zip_names}"
                        )
    
            # TAR Encoding
            elif compression == "tar":
                compression_args.setdefault("mode", ioargs.mode)
                if isinstance(handle, str):
                    handle = _BytesTarFile(name=handle, **compression_args)
                else:
                    # error: Argument "fileobj" to "_BytesTarFile" has incompatible
                    # type "BaseBuffer"; expected "Union[ReadBuffer[bytes],
                    # WriteBuffer[bytes], None]"
                    handle = _BytesTarFile(
                        fileobj=handle, **compression_args  # type: ignore[arg-type]
                    )
                assert isinstance(handle, _BytesTarFile)
                if "r" in handle.buffer.mode:
                    handles.append(handle)
                    files = handle.buffer.getnames()
                    if len(files) == 1:
                        file = handle.buffer.extractfile(files[0])
                        assert file is not None
                        handle = file
                    elif not files:
                        raise ValueError(f"Zero files found in TAR archive {path_or_buf}")
                    else:
                        raise ValueError(
                            "Multiple files found in TAR archive. "
                            f"Only one file per TAR archive: {files}"
                        )
    
            # XZ Compression
            elif compression == "xz":
                # error: Argument 1 to "LZMAFile" has incompatible type "Union[str,
                # BaseBuffer]"; expected "Optional[Union[Union[str, bytes, PathLike[str],
                # PathLike[bytes]], IO[bytes]], None]"
                handle = get_lzma_file()(
                    handle, ioargs.mode, **compression_args  # type: ignore[arg-type]
                )
    
            # Zstd Compression
            elif compression == "zstd":
                zstd = import_optional_dependency("zstandard")
                if "r" in ioargs.mode:
                    open_args = {"dctx": zstd.ZstdDecompressor(**compression_args)}
                else:
                    open_args = {"cctx": zstd.ZstdCompressor(**compression_args)}
                handle = zstd.open(
                    handle,
                    mode=ioargs.mode,
                    **open_args,
                )
    
            # Unrecognized Compression
            else:
                msg = f"Unrecognized compression type: {compression}"
                raise ValueError(msg)
    
            assert not isinstance(handle, str)
            handles.append(handle)
    
        elif isinstance(handle, str):
            # Check whether the filename is to be opened in binary mode.
            # Binary mode does not support 'encoding' and 'newline'.
            if ioargs.encoding and "b" not in ioargs.mode:
                # Encoding
>               handle = open(
                    handle,
                    ioargs.mode,
                    encoding=ioargs.encoding,
                    errors=errors,
                    newline="",
                )
E               FileNotFoundError: [Errno 2] No such file or directory: 'artifacts\\PredictModel\\DataTransformationArtifacts\\final.csv'

C:\Analconda\Lib\site-packages\pandas\io\common.py:873: FileNotFoundError

The above exception was the direct cause of the following exception:

model_trainer_config = ModelTrainerConfig()
mock_data_transformation_artifacts = DataTransformationArtifacts(transformed_data_path='artifacts\\PredictModel\\DataTransformationArtifacts\\final.csv')

    def test_tokenizing(model_trainer_config, mock_data_transformation_artifacts):
        model_trainer = ModelTrainer(
            data_transformation_artifacts=mock_data_transformation_artifacts,
            model_trainer_config=model_trainer_config
        )
        try:
            # Use splitting function to get data for tokenization
>           x_train, _, _, _ = model_trainer.spliting_data(
                csv_path=mock_data_transformation_artifacts.transformed_data_path
            )

tests\test_model_training.py:44: 
_ _ _ _ _ _ _ _ _ _ _ _ _ _ _ _ _ _ _ _ _ _ _ _ _ _ _ _ _ _ _ _ _ _ _ _ _ _ _ _

self = <hate.components.model_trainer.ModelTrainer object at 0x00000135A15CEC50>
csv_path = 'artifacts\\PredictModel\\DataTransformationArtifacts\\final.csv'

    def spliting_data(self, csv_path):
        try:
            logging.info("Entered the spliting_data function")
            logging.info("Reading the data from path: %s", csv_path)
            df = pd.read_csv(csv_path, index_col=False)
    
            logging.info("Splitting the data into X (tweets) and Y (labels)")
            x = df[TWEET].fillna('').astype(str)  # Ensure all text data is valid
            y = df[LABEL]
    
            logging.info("Performing train-test split")
            x_train, x_test, y_train, y_test = train_test_split(x, y, test_size=0.3, random_state=42)
    
            logging.info(f"Train data size: {len(x_train)}, Test data size: {len(x_test)}")
            logging.info("Exited the spliting_data function")
            return x_train, x_test, y_train, y_test
        except Exception as e:
>           raise CustomException(e, sys) from e
E           hate.exception.CustomException: Error occurred python script name [c:\users\abdul ghaffar ansari\desktop\mlops\harmspeech-ai-tracker\hate\components\model_trainer.py] line number [25] error message [[Errno 2] No such file or directory: 'artifacts\\PredictModel\\DataTransformationArtifacts\\final.csv']

hate\components\model_trainer.py:38: CustomException

During handling of the above exception, another exception occurred:

model_trainer_config = ModelTrainerConfig()
mock_data_transformation_artifacts = DataTransformationArtifacts(transformed_data_path='artifacts\\PredictModel\\DataTransformationArtifacts\\final.csv')

    def test_tokenizing(model_trainer_config, mock_data_transformation_artifacts):
        model_trainer = ModelTrainer(
            data_transformation_artifacts=mock_data_transformation_artifacts,
            model_trainer_config=model_trainer_config
        )
        try:
            # Use splitting function to get data for tokenization
            x_train, _, _, _ = model_trainer.spliting_data(
                csv_path=mock_data_transformation_artifacts.transformed_data_path
            )
            sequences_matrix, tokenizer = model_trainer.tokenizing(x_train)
            assert sequences_matrix.shape[0] == len(x_train), "Tokenized sequences do not match training data size."
            assert tokenizer is not None, "Tokenizer is None."
        except Exception as e:
>           pytest.fail(f"Tokenization failed: {e}")
E           Failed: Tokenization failed: Error occurred python script name [c:\users\abdul ghaffar ansari\desktop\mlops\harmspeech-ai-tracker\hate\components\model_trainer.py] line number [25] error message [[Errno 2] No such file or directory: 'artifacts\\PredictModel\\DataTransformationArtifacts\\final.csv']

tests\test_model_training.py:51: Failed
_________________________ test_initiate_model_trainer _________________________

self = <hate.components.model_trainer.ModelTrainer object at 0x00000135BC39BC10>
csv_path = 'artifacts\\PredictModel\\DataTransformationArtifacts\\final.csv'

    def spliting_data(self, csv_path):
        try:
            logging.info("Entered the spliting_data function")
            logging.info("Reading the data from path: %s", csv_path)
>           df = pd.read_csv(csv_path, index_col=False)

hate\components\model_trainer.py:25: 
_ _ _ _ _ _ _ _ _ _ _ _ _ _ _ _ _ _ _ _ _ _ _ _ _ _ _ _ _ _ _ _ _ _ _ _ _ _ _ _
C:\Analconda\Lib\site-packages\pandas\io\parsers\readers.py:1026: in read_csv
    return _read(filepath_or_buffer, kwds)
C:\Analconda\Lib\site-packages\pandas\io\parsers\readers.py:620: in _read
    parser = TextFileReader(filepath_or_buffer, **kwds)
C:\Analconda\Lib\site-packages\pandas\io\parsers\readers.py:1620: in __init__
    self._engine = self._make_engine(f, self.engine)
C:\Analconda\Lib\site-packages\pandas\io\parsers\readers.py:1880: in _make_engine
    self.handles = get_handle(
_ _ _ _ _ _ _ _ _ _ _ _ _ _ _ _ _ _ _ _ _ _ _ _ _ _ _ _ _ _ _ _ _ _ _ _ _ _ _ _

path_or_buf = 'artifacts\\PredictModel\\DataTransformationArtifacts\\final.csv'
mode = 'r'

    @doc(compression_options=_shared_docs["compression_options"] % "path_or_buf")
    def get_handle(
        path_or_buf: FilePath | BaseBuffer,
        mode: str,
        *,
        encoding: str | None = None,
        compression: CompressionOptions | None = None,
        memory_map: bool = False,
        is_text: bool = True,
        errors: str | None = None,
        storage_options: StorageOptions | None = None,
    ) -> IOHandles[str] | IOHandles[bytes]:
        """
        Get file handle for given path/buffer and mode.
    
        Parameters
        ----------
        path_or_buf : str or file handle
            File path or object.
        mode : str
            Mode to open path_or_buf with.
        encoding : str or None
            Encoding to use.
        {compression_options}
    
               May be a dict with key 'method' as compression mode
               and other keys as compression options if compression
               mode is 'zip'.
    
               Passing compression options as keys in dict is
               supported for compression modes 'gzip', 'bz2', 'zstd' and 'zip'.
    
            .. versionchanged:: 1.4.0 Zstandard support.
    
        memory_map : bool, default False
            See parsers._parser_params for more information. Only used by read_csv.
        is_text : bool, default True
            Whether the type of the content passed to the file/buffer is string or
            bytes. This is not the same as `"b" not in mode`. If a string content is
            passed to a binary file/buffer, a wrapper is inserted.
        errors : str, default 'strict'
            Specifies how encoding and decoding errors are to be handled.
            See the errors argument for :func:`open` for a full list
            of options.
        storage_options: StorageOptions = None
            Passed to _get_filepath_or_buffer
    
        Returns the dataclass IOHandles
        """
        # Windows does not default to utf-8. Set to utf-8 for a consistent behavior
        encoding = encoding or "utf-8"
    
        errors = errors or "strict"
    
        # read_csv does not know whether the buffer is opened in binary/text mode
        if _is_binary_mode(path_or_buf, mode) and "b" not in mode:
            mode += "b"
    
        # validate encoding and errors
        codecs.lookup(encoding)
        if isinstance(errors, str):
            codecs.lookup_error(errors)
    
        # open URLs
        ioargs = _get_filepath_or_buffer(
            path_or_buf,
            encoding=encoding,
            compression=compression,
            mode=mode,
            storage_options=storage_options,
        )
    
        handle = ioargs.filepath_or_buffer
        handles: list[BaseBuffer]
    
        # memory mapping needs to be the first step
        # only used for read_csv
        handle, memory_map, handles = _maybe_memory_map(handle, memory_map)
    
        is_path = isinstance(handle, str)
        compression_args = dict(ioargs.compression)
        compression = compression_args.pop("method")
    
        # Only for write methods
        if "r" not in mode and is_path:
            check_parent_directory(str(handle))
    
        if compression:
            if compression != "zstd":
                # compression libraries do not like an explicit text-mode
                ioargs.mode = ioargs.mode.replace("t", "")
            elif compression == "zstd" and "b" not in ioargs.mode:
                # python-zstandard defaults to text mode, but we always expect
                # compression libraries to use binary mode.
                ioargs.mode += "b"
    
            # GZ Compression
            if compression == "gzip":
                if isinstance(handle, str):
                    # error: Incompatible types in assignment (expression has type
                    # "GzipFile", variable has type "Union[str, BaseBuffer]")
                    handle = gzip.GzipFile(  # type: ignore[assignment]
                        filename=handle,
                        mode=ioargs.mode,
                        **compression_args,
                    )
                else:
                    handle = gzip.GzipFile(
                        # No overload variant of "GzipFile" matches argument types
                        # "Union[str, BaseBuffer]", "str", "Dict[str, Any]"
                        fileobj=handle,  # type: ignore[call-overload]
                        mode=ioargs.mode,
                        **compression_args,
                    )
    
            # BZ Compression
            elif compression == "bz2":
                # Overload of "BZ2File" to handle pickle protocol 5
                # "Union[str, BaseBuffer]", "str", "Dict[str, Any]"
                handle = get_bz2_file()(  # type: ignore[call-overload]
                    handle,
                    mode=ioargs.mode,
                    **compression_args,
                )
    
            # ZIP Compression
            elif compression == "zip":
                # error: Argument 1 to "_BytesZipFile" has incompatible type
                # "Union[str, BaseBuffer]"; expected "Union[Union[str, PathLike[str]],
                # ReadBuffer[bytes], WriteBuffer[bytes]]"
                handle = _BytesZipFile(
                    handle, ioargs.mode, **compression_args  # type: ignore[arg-type]
                )
                if handle.buffer.mode == "r":
                    handles.append(handle)
                    zip_names = handle.buffer.namelist()
                    if len(zip_names) == 1:
                        handle = handle.buffer.open(zip_names.pop())
                    elif not zip_names:
                        raise ValueError(f"Zero files found in ZIP file {path_or_buf}")
                    else:
                        raise ValueError(
                            "Multiple files found in ZIP file. "
                            f"Only one file per ZIP: {zip_names}"
                        )
    
            # TAR Encoding
            elif compression == "tar":
                compression_args.setdefault("mode", ioargs.mode)
                if isinstance(handle, str):
                    handle = _BytesTarFile(name=handle, **compression_args)
                else:
                    # error: Argument "fileobj" to "_BytesTarFile" has incompatible
                    # type "BaseBuffer"; expected "Union[ReadBuffer[bytes],
                    # WriteBuffer[bytes], None]"
                    handle = _BytesTarFile(
                        fileobj=handle, **compression_args  # type: ignore[arg-type]
                    )
                assert isinstance(handle, _BytesTarFile)
                if "r" in handle.buffer.mode:
                    handles.append(handle)
                    files = handle.buffer.getnames()
                    if len(files) == 1:
                        file = handle.buffer.extractfile(files[0])
                        assert file is not None
                        handle = file
                    elif not files:
                        raise ValueError(f"Zero files found in TAR archive {path_or_buf}")
                    else:
                        raise ValueError(
                            "Multiple files found in TAR archive. "
                            f"Only one file per TAR archive: {files}"
                        )
    
            # XZ Compression
            elif compression == "xz":
                # error: Argument 1 to "LZMAFile" has incompatible type "Union[str,
                # BaseBuffer]"; expected "Optional[Union[Union[str, bytes, PathLike[str],
                # PathLike[bytes]], IO[bytes]], None]"
                handle = get_lzma_file()(
                    handle, ioargs.mode, **compression_args  # type: ignore[arg-type]
                )
    
            # Zstd Compression
            elif compression == "zstd":
                zstd = import_optional_dependency("zstandard")
                if "r" in ioargs.mode:
                    open_args = {"dctx": zstd.ZstdDecompressor(**compression_args)}
                else:
                    open_args = {"cctx": zstd.ZstdCompressor(**compression_args)}
                handle = zstd.open(
                    handle,
                    mode=ioargs.mode,
                    **open_args,
                )
    
            # Unrecognized Compression
            else:
                msg = f"Unrecognized compression type: {compression}"
                raise ValueError(msg)
    
            assert not isinstance(handle, str)
            handles.append(handle)
    
        elif isinstance(handle, str):
            # Check whether the filename is to be opened in binary mode.
            # Binary mode does not support 'encoding' and 'newline'.
            if ioargs.encoding and "b" not in ioargs.mode:
                # Encoding
>               handle = open(
                    handle,
                    ioargs.mode,
                    encoding=ioargs.encoding,
                    errors=errors,
                    newline="",
                )
E               FileNotFoundError: [Errno 2] No such file or directory: 'artifacts\\PredictModel\\DataTransformationArtifacts\\final.csv'

C:\Analconda\Lib\site-packages\pandas\io\common.py:873: FileNotFoundError

The above exception was the direct cause of the following exception:

self = <hate.components.model_trainer.ModelTrainer object at 0x00000135BC39BC10>

    def initiate_model_trainer(self) -> ModelTrainerArtifacts:
        logging.info("Entered initiate_model_trainer method of ModelTrainer class")
        try:
            logging.info("Splitting data into training and testing sets")
>           x_train, x_test, y_train, y_test = self.spliting_data(
                csv_path=self.data_transformation_artifacts.transformed_data_path
            )

hate\components\model_trainer.py:64: 
_ _ _ _ _ _ _ _ _ _ _ _ _ _ _ _ _ _ _ _ _ _ _ _ _ _ _ _ _ _ _ _ _ _ _ _ _ _ _ _

self = <hate.components.model_trainer.ModelTrainer object at 0x00000135BC39BC10>
csv_path = 'artifacts\\PredictModel\\DataTransformationArtifacts\\final.csv'

    def spliting_data(self, csv_path):
        try:
            logging.info("Entered the spliting_data function")
            logging.info("Reading the data from path: %s", csv_path)
            df = pd.read_csv(csv_path, index_col=False)
    
            logging.info("Splitting the data into X (tweets) and Y (labels)")
            x = df[TWEET].fillna('').astype(str)  # Ensure all text data is valid
            y = df[LABEL]
    
            logging.info("Performing train-test split")
            x_train, x_test, y_train, y_test = train_test_split(x, y, test_size=0.3, random_state=42)
    
            logging.info(f"Train data size: {len(x_train)}, Test data size: {len(x_test)}")
            logging.info("Exited the spliting_data function")
            return x_train, x_test, y_train, y_test
        except Exception as e:
>           raise CustomException(e, sys) from e
E           hate.exception.CustomException: Error occurred python script name [c:\users\abdul ghaffar ansari\desktop\mlops\harmspeech-ai-tracker\hate\components\model_trainer.py] line number [25] error message [[Errno 2] No such file or directory: 'artifacts\\PredictModel\\DataTransformationArtifacts\\final.csv']

hate\components\model_trainer.py:38: CustomException

The above exception was the direct cause of the following exception:

model_trainer_config = ModelTrainerConfig()
mock_data_transformation_artifacts = DataTransformationArtifacts(transformed_data_path='artifacts\\PredictModel\\DataTransformationArtifacts\\final.csv')

    def test_initiate_model_trainer(model_trainer_config, mock_data_transformation_artifacts):
        model_trainer = ModelTrainer(
            data_transformation_artifacts=mock_data_transformation_artifacts,
            model_trainer_config=model_trainer_config
        )
        try:
>           artifacts = model_trainer.initiate_model_trainer()

tests\test_model_training.py:59: 
_ _ _ _ _ _ _ _ _ _ _ _ _ _ _ _ _ _ _ _ _ _ _ _ _ _ _ _ _ _ _ _ _ _ _ _ _ _ _ _

self = <hate.components.model_trainer.ModelTrainer object at 0x00000135BC39BC10>

    def initiate_model_trainer(self) -> ModelTrainerArtifacts:
        logging.info("Entered initiate_model_trainer method of ModelTrainer class")
        try:
            logging.info("Splitting data into training and testing sets")
            x_train, x_test, y_train, y_test = self.spliting_data(
                csv_path=self.data_transformation_artifacts.transformed_data_path
            )
    
            logging.info("Initializing model architecture")
            model_architecture = ModelArchitecture()
            model = model_architecture.get_model()
    
            logging.info("Preparing training data for the model")
            sequences_matrix, tokenizer = self.tokenizing(x_train)
    
            logging.info("Starting model training")
            model.fit(
                sequences_matrix,
                y_train,
                batch_size=self.model_trainer_config.BATCH_SIZE,
                epochs=self.model_trainer_config.EPOCH,
                validation_split=self.model_trainer_config.VALIDATION_SPLIT,
            )
            logging.info("Model training completed")
    
            logging.info("Saving tokenizer")
            with open('tokenizer.pickle', 'wb') as handle:
                pickle.dump(tokenizer, handle, protocol=pickle.HIGHEST_PROTOCOL)
    
            os.makedirs(self.model_trainer_config.TRAINED_MODEL_DIR, exist_ok=True)
    
            logging.info("Saving the trained model")
            model.save(self.model_trainer_config.TRAINED_MODEL_PATH)
    
            logging.info("Saving test and training data")
            x_test.to_csv(self.model_trainer_config.X_TEST_DATA_PATH, index=False)
            y_test.to_csv(self.model_trainer_config.Y_TEST_DATA_PATH, index=False)
            x_train.to_csv(self.model_trainer_config.X_TRAIN_DATA_PATH, index=False)
    
            logging.info("Creating model trainer artifacts")
            model_trainer_artifacts = ModelTrainerArtifacts(
                trained_model_path=self.model_trainer_config.TRAINED_MODEL_PATH,
                x_test_path=self.model_trainer_config.X_TEST_DATA_PATH,
                y_test_path=self.model_trainer_config.Y_TEST_DATA_PATH,
            )
    
            logging.info("Model trainer artifacts created successfully")
            logging.info("Exited initiate_model_trainer method of ModelTrainer class")
            return model_trainer_artifacts
        except Exception as e:
>           raise CustomException(e, sys) from e
E           hate.exception.CustomException: Error occurred python script name [c:\users\abdul ghaffar ansari\desktop\mlops\harmspeech-ai-tracker\hate\components\model_trainer.py] line number [64] error message [Error occurred python script name [c:\users\abdul ghaffar ansari\desktop\mlops\harmspeech-ai-tracker\hate\components\model_trainer.py] line number [25] error message [[Errno 2] No such file or directory: 'artifacts\\PredictModel\\DataTransformationArtifacts\\final.csv']]

hate\components\model_trainer.py:110: CustomException

During handling of the above exception, another exception occurred:

model_trainer_config = ModelTrainerConfig()
mock_data_transformation_artifacts = DataTransformationArtifacts(transformed_data_path='artifacts\\PredictModel\\DataTransformationArtifacts\\final.csv')

    def test_initiate_model_trainer(model_trainer_config, mock_data_transformation_artifacts):
        model_trainer = ModelTrainer(
            data_transformation_artifacts=mock_data_transformation_artifacts,
            model_trainer_config=model_trainer_config
        )
        try:
            artifacts = model_trainer.initiate_model_trainer()
            assert os.path.exists(artifacts.trained_model_path), "Trained model file not found."
            assert os.path.exists(artifacts.x_test_path), "Test data file not found."
            assert os.path.exists(artifacts.y_test_path), "Test labels file not found."
        except Exception as e:
>           pytest.fail(f"Model training failed: {e}")
E           Failed: Model training failed: Error occurred python script name [c:\users\abdul ghaffar ansari\desktop\mlops\harmspeech-ai-tracker\hate\components\model_trainer.py] line number [64] error message [Error occurred python script name [c:\users\abdul ghaffar ansari\desktop\mlops\harmspeech-ai-tracker\hate\components\model_trainer.py] line number [25] error message [[Errno 2] No such file or directory: 'artifacts\\PredictModel\\DataTransformationArtifacts\\final.csv']]

tests\test_model_training.py:64: Failed
============================== warnings summary ===============================
..\..\..\..\..\Analconda\Lib\site-packages\tensorflow\python\debug\cli\debugger_cli_common.py:19
  C:\Analconda\Lib\site-packages\tensorflow\python\debug\cli\debugger_cli_common.py:19: DeprecationWarning: module 'sre_constants' is deprecated
    import sre_constants

-- Docs: https://docs.pytest.org/en/stable/how-to/capture-warnings.html
=========================== short test summary info ===========================
FAILED tests/test_model_training.py::test_splitting_data - Failed: Data split...
FAILED tests/test_model_training.py::test_tokenizing - Failed: Tokenization f...
FAILED tests/test_model_training.py::test_initiate_model_trainer - Failed: Mo...
=================== 3 failed, 6 passed, 1 warning in 57.41s ===================
